
> vite_react_shadcn_ts@0.0.0 test
> vitest run


[1m[46m RUN [49m[22m [36mv3.2.4 [39m[90mC:/Projects/prepmate-ai-studio[39m

 [32mΓ£ô[39m src/test/example.test.ts [2m([22m[2m1 test[22m[2m)[22m[32m 4[2mms[22m[39m

[2m Test Files [22m [1m[32m1 passed[39m[22m[90m (1)[39m
[2m      Tests [22m [1m[32m1 passed[39m[22m[90m (1)[39m
[2m   Start at [22m 07:48:12
[2m   Duration [22m 4.03s[2m (transform 70ms, setup 468ms, collect 30ms, tests 4ms, environment 2.32s, prepare 709ms)[22m

